-1.5
-encoding
UTF-8
-source
1.5
-target
1.5
-classpath
C:\Users\sannies\.m2\repository\org\aspectj\aspectjrt\1.8.2\aspectjrt-1.8.2.jar;C:\Users\sannies\.m2\repository\com\google\android\android\1.6_r2\android-1.6_r2.jar;C:\Users\sannies\.m2\repository\junit\junit\4.10\junit-4.10.jar;C:\Users\sannies\.m2\repository\commons-io\commons-io\2.4\commons-io-2.4.jar;C:\Users\sannies\.m2\repository\commons-codec\commons-codec\1.8\commons-codec-1.8.jar;C:\Users\sannies\.m2\repository\commons-logging\commons-logging\1.1.1\commons-logging-1.1.1.jar;C:\Users\sannies\.m2\repository\org\apache\httpcomponents\httpclient\4.0.1\httpclient-4.0.1.jar;C:\Users\sannies\.m2\repository\org\apache\httpcomponents\httpcore\4.0.1\httpcore-4.0.1.jar;C:\Users\sannies\.m2\repository\org\khronos\opengl-api\gl1.1-android-2.1_r1\opengl-api-gl1.1-android-2.1_r1.jar;C:\Users\sannies\.m2\repository\xerces\xmlParserAPIs\2.6.2\xmlParserAPIs-2.6.2.jar;C:\Users\sannies\.m2\repository\xpp3\xpp3\1.1.4c\xpp3-1.1.4c.jar;C:\dev\mp4parser\target\checkout\isoparser\target\classes
-d
C:\dev\mp4parser\target\checkout\isoparser\target\classes
C:\dev\mp4parser\target\checkout\isoparser\src\main\java\com\coremedia\iso\AbstractBoxParser.java
C:\dev\mp4parser\target\checkout\isoparser\src\main\java\com\coremedia\iso\Ascii.java
C:\dev\mp4parser\target\checkout\isoparser\src\main\java\com\coremedia\iso\boxes\AbstractMediaHeaderBox.java
C:\dev\mp4parser\target\checkout\isoparser\src\main\java\com\coremedia\iso\boxes\AlbumBox.java
C:\dev\mp4parser\target\checkout\isoparser\src\main\java\com\coremedia\iso\boxes\apple\AppleDataRateBox.java
C:\dev\mp4parser\target\checkout\isoparser\src\main\java\com\coremedia\iso\boxes\apple\AppleDataReferenceBox.java
C:\dev\mp4parser\target\checkout\isoparser\src\main\java\com\coremedia\iso\boxes\apple\AppleItemListBox.java
C:\dev\mp4parser\target\checkout\isoparser\src\main\java\com\coremedia\iso\boxes\apple\AppleLosslessSpecificBox.java
C:\dev\mp4parser\target\checkout\isoparser\src\main\java\com\coremedia\iso\boxes\apple\AppleReferenceMovieBox.java
C:\dev\mp4parser\target\checkout\isoparser\src\main\java\com\coremedia\iso\boxes\apple\AppleReferenceMovieDescriptorBox.java
C:\dev\mp4parser\target\checkout\isoparser\src\main\java\com\coremedia\iso\boxes\apple\AppleWaveBox.java
C:\dev\mp4parser\target\checkout\isoparser\src\main\java\com\coremedia\iso\boxes\AuthorBox.java
C:\dev\mp4parser\target\checkout\isoparser\src\main\java\com\coremedia\iso\boxes\Box.java
C:\dev\mp4parser\target\checkout\isoparser\src\main\java\com\coremedia\iso\boxes\ChunkOffset64BitBox.java
C:\dev\mp4parser\target\checkout\isoparser\src\main\java\com\coremedia\iso\boxes\ChunkOffsetBox.java
C:\dev\mp4parser\target\checkout\isoparser\src\main\java\com\coremedia\iso\boxes\ClassificationBox.java
C:\dev\mp4parser\target\checkout\isoparser\src\main\java\com\coremedia\iso\boxes\CompositionShiftLeastGreatestAtom.java
C:\dev\mp4parser\target\checkout\isoparser\src\main\java\com\coremedia\iso\boxes\CompositionTimeToSample.java
C:\dev\mp4parser\target\checkout\isoparser\src\main\java\com\coremedia\iso\boxes\Container.java
C:\dev\mp4parser\target\checkout\isoparser\src\main\java\com\coremedia\iso\boxes\CopyrightBox.java
C:\dev\mp4parser\target\checkout\isoparser\src\main\java\com\coremedia\iso\boxes\DataEntryUrlBox.java
C:\dev\mp4parser\target\checkout\isoparser\src\main\java\com\coremedia\iso\boxes\DataEntryUrnBox.java
C:\dev\mp4parser\target\checkout\isoparser\src\main\java\com\coremedia\iso\boxes\DataInformationBox.java
C:\dev\mp4parser\target\checkout\isoparser\src\main\java\com\coremedia\iso\boxes\DataReferenceBox.java
C:\dev\mp4parser\target\checkout\isoparser\src\main\java\com\coremedia\iso\boxes\dece\TrickPlayBox.java
C:\dev\mp4parser\target\checkout\isoparser\src\main\java\com\coremedia\iso\boxes\DescriptionBox.java
C:\dev\mp4parser\target\checkout\isoparser\src\main\java\com\coremedia\iso\boxes\EditBox.java
C:\dev\mp4parser\target\checkout\isoparser\src\main\java\com\coremedia\iso\boxes\EditListBox.java
C:\dev\mp4parser\target\checkout\isoparser\src\main\java\com\coremedia\iso\boxes\FileTypeBox.java
C:\dev\mp4parser\target\checkout\isoparser\src\main\java\com\coremedia\iso\boxes\fragment\MovieExtendsBox.java
C:\dev\mp4parser\target\checkout\isoparser\src\main\java\com\coremedia\iso\boxes\fragment\MovieExtendsHeaderBox.java
C:\dev\mp4parser\target\checkout\isoparser\src\main\java\com\coremedia\iso\boxes\fragment\MovieFragmentBox.java
C:\dev\mp4parser\target\checkout\isoparser\src\main\java\com\coremedia\iso\boxes\fragment\MovieFragmentHeaderBox.java
C:\dev\mp4parser\target\checkout\isoparser\src\main\java\com\coremedia\iso\boxes\fragment\MovieFragmentRandomAccessBox.java
C:\dev\mp4parser\target\checkout\isoparser\src\main\java\com\coremedia\iso\boxes\fragment\MovieFragmentRandomAccessOffsetBox.java
C:\dev\mp4parser\target\checkout\isoparser\src\main\java\com\coremedia\iso\boxes\fragment\SampleFlags.java
C:\dev\mp4parser\target\checkout\isoparser\src\main\java\com\coremedia\iso\boxes\fragment\SegmentTypeBox.java
C:\dev\mp4parser\target\checkout\isoparser\src\main\java\com\coremedia\iso\boxes\fragment\TrackExtendsBox.java
C:\dev\mp4parser\target\checkout\isoparser\src\main\java\com\coremedia\iso\boxes\fragment\TrackFragmentBaseMediaDecodeTimeBox.java
C:\dev\mp4parser\target\checkout\isoparser\src\main\java\com\coremedia\iso\boxes\fragment\TrackFragmentBox.java
C:\dev\mp4parser\target\checkout\isoparser\src\main\java\com\coremedia\iso\boxes\fragment\TrackFragmentHeaderBox.java
C:\dev\mp4parser\target\checkout\isoparser\src\main\java\com\coremedia\iso\boxes\fragment\TrackFragmentRandomAccessBox.java
C:\dev\mp4parser\target\checkout\isoparser\src\main\java\com\coremedia\iso\boxes\fragment\TrackRunBox.java
C:\dev\mp4parser\target\checkout\isoparser\src\main\java\com\coremedia\iso\boxes\FreeBox.java
C:\dev\mp4parser\target\checkout\isoparser\src\main\java\com\coremedia\iso\boxes\FreeSpaceBox.java
C:\dev\mp4parser\target\checkout\isoparser\src\main\java\com\coremedia\iso\boxes\FullBox.java
C:\dev\mp4parser\target\checkout\isoparser\src\main\java\com\coremedia\iso\boxes\GenreBox.java
C:\dev\mp4parser\target\checkout\isoparser\src\main\java\com\coremedia\iso\boxes\HandlerBox.java
C:\dev\mp4parser\target\checkout\isoparser\src\main\java\com\coremedia\iso\boxes\HintMediaHeaderBox.java
C:\dev\mp4parser\target\checkout\isoparser\src\main\java\com\coremedia\iso\boxes\ItemDataBox.java
C:\dev\mp4parser\target\checkout\isoparser\src\main\java\com\coremedia\iso\boxes\ItemLocationBox.java
C:\dev\mp4parser\target\checkout\isoparser\src\main\java\com\coremedia\iso\boxes\ItemProtectionBox.java
C:\dev\mp4parser\target\checkout\isoparser\src\main\java\com\coremedia\iso\boxes\KeywordsBox.java
C:\dev\mp4parser\target\checkout\isoparser\src\main\java\com\coremedia\iso\boxes\mdat\MediaDataBox.java
C:\dev\mp4parser\target\checkout\isoparser\src\main\java\com\coremedia\iso\boxes\mdat\SampleList.java
C:\dev\mp4parser\target\checkout\isoparser\src\main\java\com\coremedia\iso\boxes\MediaBox.java
C:\dev\mp4parser\target\checkout\isoparser\src\main\java\com\coremedia\iso\boxes\MediaHeaderBox.java
C:\dev\mp4parser\target\checkout\isoparser\src\main\java\com\coremedia\iso\boxes\MediaInformationBox.java
C:\dev\mp4parser\target\checkout\isoparser\src\main\java\com\coremedia\iso\boxes\MetaBox.java
C:\dev\mp4parser\target\checkout\isoparser\src\main\java\com\coremedia\iso\boxes\MovieBox.java
C:\dev\mp4parser\target\checkout\isoparser\src\main\java\com\coremedia\iso\boxes\MovieHeaderBox.java
C:\dev\mp4parser\target\checkout\isoparser\src\main\java\com\coremedia\iso\boxes\NullMediaHeaderBox.java
C:\dev\mp4parser\target\checkout\isoparser\src\main\java\com\coremedia\iso\boxes\ObjectDescriptorBox.java
C:\dev\mp4parser\target\checkout\isoparser\src\main\java\com\coremedia\iso\boxes\OmaDrmAccessUnitFormatBox.java
C:\dev\mp4parser\target\checkout\isoparser\src\main\java\com\coremedia\iso\boxes\OriginalFormatBox.java
C:\dev\mp4parser\target\checkout\isoparser\src\main\java\com\coremedia\iso\boxes\PerformerBox.java
C:\dev\mp4parser\target\checkout\isoparser\src\main\java\com\coremedia\iso\boxes\ProgressiveDownloadInformationBox.java
C:\dev\mp4parser\target\checkout\isoparser\src\main\java\com\coremedia\iso\boxes\ProtectionSchemeInformationBox.java
C:\dev\mp4parser\target\checkout\isoparser\src\main\java\com\coremedia\iso\boxes\RatingBox.java
C:\dev\mp4parser\target\checkout\isoparser\src\main\java\com\coremedia\iso\boxes\RecordingYearBox.java
C:\dev\mp4parser\target\checkout\isoparser\src\main\java\com\coremedia\iso\boxes\SampleDependencyTypeBox.java
C:\dev\mp4parser\target\checkout\isoparser\src\main\java\com\coremedia\iso\boxes\SampleDescriptionBox.java
C:\dev\mp4parser\target\checkout\isoparser\src\main\java\com\coremedia\iso\boxes\sampleentry\AbstractSampleEntry.java
C:\dev\mp4parser\target\checkout\isoparser\src\main\java\com\coremedia\iso\boxes\sampleentry\AmrSpecificBox.java
C:\dev\mp4parser\target\checkout\isoparser\src\main\java\com\coremedia\iso\boxes\sampleentry\AudioSampleEntry.java
C:\dev\mp4parser\target\checkout\isoparser\src\main\java\com\coremedia\iso\boxes\sampleentry\MpegSampleEntry.java
C:\dev\mp4parser\target\checkout\isoparser\src\main\java\com\coremedia\iso\boxes\sampleentry\Ovc1VisualSampleEntryImpl.java
C:\dev\mp4parser\target\checkout\isoparser\src\main\java\com\coremedia\iso\boxes\sampleentry\SampleEntry.java
C:\dev\mp4parser\target\checkout\isoparser\src\main\java\com\coremedia\iso\boxes\sampleentry\TextSampleEntry.java
C:\dev\mp4parser\target\checkout\isoparser\src\main\java\com\coremedia\iso\boxes\sampleentry\VisualSampleEntry.java
C:\dev\mp4parser\target\checkout\isoparser\src\main\java\com\coremedia\iso\boxes\SampleSizeBox.java
C:\dev\mp4parser\target\checkout\isoparser\src\main\java\com\coremedia\iso\boxes\SampleTableBox.java
C:\dev\mp4parser\target\checkout\isoparser\src\main\java\com\coremedia\iso\boxes\SampleToChunkBox.java
C:\dev\mp4parser\target\checkout\isoparser\src\main\java\com\coremedia\iso\boxes\SchemeInformationBox.java
C:\dev\mp4parser\target\checkout\isoparser\src\main\java\com\coremedia\iso\boxes\SchemeTypeBox.java
C:\dev\mp4parser\target\checkout\isoparser\src\main\java\com\coremedia\iso\boxes\SoundMediaHeaderBox.java
C:\dev\mp4parser\target\checkout\isoparser\src\main\java\com\coremedia\iso\boxes\StaticChunkOffsetBox.java
C:\dev\mp4parser\target\checkout\isoparser\src\main\java\com\coremedia\iso\boxes\SubSampleInformationBox.java
C:\dev\mp4parser\target\checkout\isoparser\src\main\java\com\coremedia\iso\boxes\SubtitleMediaHeaderBox.java
C:\dev\mp4parser\target\checkout\isoparser\src\main\java\com\coremedia\iso\boxes\SyncSampleBox.java
C:\dev\mp4parser\target\checkout\isoparser\src\main\java\com\coremedia\iso\boxes\threegpp26244\LocationInformationBox.java
C:\dev\mp4parser\target\checkout\isoparser\src\main\java\com\coremedia\iso\boxes\TimeToSampleBox.java
C:\dev\mp4parser\target\checkout\isoparser\src\main\java\com\coremedia\iso\boxes\TitleBox.java
C:\dev\mp4parser\target\checkout\isoparser\src\main\java\com\coremedia\iso\boxes\TrackBox.java
C:\dev\mp4parser\target\checkout\isoparser\src\main\java\com\coremedia\iso\boxes\TrackHeaderBox.java
C:\dev\mp4parser\target\checkout\isoparser\src\main\java\com\coremedia\iso\boxes\TrackReferenceBox.java
C:\dev\mp4parser\target\checkout\isoparser\src\main\java\com\coremedia\iso\boxes\UnknownBox.java
C:\dev\mp4parser\target\checkout\isoparser\src\main\java\com\coremedia\iso\boxes\UserBox.java
C:\dev\mp4parser\target\checkout\isoparser\src\main\java\com\coremedia\iso\boxes\UserDataBox.java
C:\dev\mp4parser\target\checkout\isoparser\src\main\java\com\coremedia\iso\boxes\VideoMediaHeaderBox.java
C:\dev\mp4parser\target\checkout\isoparser\src\main\java\com\coremedia\iso\boxes\vodafone\AlbumArtistBox.java
C:\dev\mp4parser\target\checkout\isoparser\src\main\java\com\coremedia\iso\boxes\vodafone\ContentDistributorIdBox.java
C:\dev\mp4parser\target\checkout\isoparser\src\main\java\com\coremedia\iso\boxes\vodafone\CoverUriBox.java
C:\dev\mp4parser\target\checkout\isoparser\src\main\java\com\coremedia\iso\boxes\vodafone\LyricsUriBox.java
C:\dev\mp4parser\target\checkout\isoparser\src\main\java\com\coremedia\iso\boxes\XmlBox.java
C:\dev\mp4parser\target\checkout\isoparser\src\main\java\com\coremedia\iso\BoxParser.java
C:\dev\mp4parser\target\checkout\isoparser\src\main\java\com\coremedia\iso\BoxReplacer.java
C:\dev\mp4parser\target\checkout\isoparser\src\main\java\com\coremedia\iso\Hex.java
C:\dev\mp4parser\target\checkout\isoparser\src\main\java\com\coremedia\iso\IsoFile.java
C:\dev\mp4parser\target\checkout\isoparser\src\main\java\com\coremedia\iso\IsoTypeReader.java
C:\dev\mp4parser\target\checkout\isoparser\src\main\java\com\coremedia\iso\IsoTypeReaderVariable.java
C:\dev\mp4parser\target\checkout\isoparser\src\main\java\com\coremedia\iso\IsoTypeWriter.java
C:\dev\mp4parser\target\checkout\isoparser\src\main\java\com\coremedia\iso\IsoTypeWriterVariable.java
C:\dev\mp4parser\target\checkout\isoparser\src\main\java\com\coremedia\iso\PropertyBoxParserImpl.java
C:\dev\mp4parser\target\checkout\isoparser\src\main\java\com\coremedia\iso\Utf8.java
C:\dev\mp4parser\target\checkout\isoparser\src\main\java\com\googlecode\mp4parser\AbstractBox.java
C:\dev\mp4parser\target\checkout\isoparser\src\main\java\com\googlecode\mp4parser\AbstractContainerBox.java
C:\dev\mp4parser\target\checkout\isoparser\src\main\java\com\googlecode\mp4parser\AbstractFullBox.java
C:\dev\mp4parser\target\checkout\isoparser\src\main\java\com\googlecode\mp4parser\annotations\DoNotParseDetail.java
C:\dev\mp4parser\target\checkout\isoparser\src\main\java\com\googlecode\mp4parser\annotations\ParseDetail.java
C:\dev\mp4parser\target\checkout\isoparser\src\main\java\com\googlecode\mp4parser\authoring\AbstractTrack.java
C:\dev\mp4parser\target\checkout\isoparser\src\main\java\com\googlecode\mp4parser\authoring\builder\BetterFragmenter.java
C:\dev\mp4parser\target\checkout\isoparser\src\main\java\com\googlecode\mp4parser\authoring\builder\ByteBufferHelper.java
C:\dev\mp4parser\target\checkout\isoparser\src\main\java\com\googlecode\mp4parser\authoring\builder\DefaultFragmenterImpl.java
C:\dev\mp4parser\target\checkout\isoparser\src\main\java\com\googlecode\mp4parser\authoring\builder\DefaultMp4Builder.java
C:\dev\mp4parser\target\checkout\isoparser\src\main\java\com\googlecode\mp4parser\authoring\builder\FragmentedMp4Builder.java
C:\dev\mp4parser\target\checkout\isoparser\src\main\java\com\googlecode\mp4parser\authoring\builder\Fragmenter.java
C:\dev\mp4parser\target\checkout\isoparser\src\main\java\com\googlecode\mp4parser\authoring\builder\Mp4Builder.java
C:\dev\mp4parser\target\checkout\isoparser\src\main\java\com\googlecode\mp4parser\authoring\builder\StaticFragmentIntersectionFinderImpl.java
C:\dev\mp4parser\target\checkout\isoparser\src\main\java\com\googlecode\mp4parser\authoring\builder\SyncSampleIntersectFinderImpl.java
C:\dev\mp4parser\target\checkout\isoparser\src\main\java\com\googlecode\mp4parser\authoring\CencMp4TrackImplImpl.java
C:\dev\mp4parser\target\checkout\isoparser\src\main\java\com\googlecode\mp4parser\authoring\container\mp4\MovieCreator.java
C:\dev\mp4parser\target\checkout\isoparser\src\main\java\com\googlecode\mp4parser\authoring\Edit.java
C:\dev\mp4parser\target\checkout\isoparser\src\main\java\com\googlecode\mp4parser\authoring\Movie.java
C:\dev\mp4parser\target\checkout\isoparser\src\main\java\com\googlecode\mp4parser\authoring\Mp4TrackImpl.java
C:\dev\mp4parser\target\checkout\isoparser\src\main\java\com\googlecode\mp4parser\authoring\Sample.java
C:\dev\mp4parser\target\checkout\isoparser\src\main\java\com\googlecode\mp4parser\authoring\SampleImpl.java
C:\dev\mp4parser\target\checkout\isoparser\src\main\java\com\googlecode\mp4parser\authoring\samples\DefaultMp4SampleList.java
C:\dev\mp4parser\target\checkout\isoparser\src\main\java\com\googlecode\mp4parser\authoring\samples\FragmentedMp4SampleList.java
C:\dev\mp4parser\target\checkout\isoparser\src\main\java\com\googlecode\mp4parser\authoring\Track.java
C:\dev\mp4parser\target\checkout\isoparser\src\main\java\com\googlecode\mp4parser\authoring\TrackMetaData.java
C:\dev\mp4parser\target\checkout\isoparser\src\main\java\com\googlecode\mp4parser\authoring\tracks\AACTrackImpl.java
C:\dev\mp4parser\target\checkout\isoparser\src\main\java\com\googlecode\mp4parser\authoring\tracks\AbstractH26XTrack.java
C:\dev\mp4parser\target\checkout\isoparser\src\main\java\com\googlecode\mp4parser\authoring\tracks\AC3TrackImpl.java
C:\dev\mp4parser\target\checkout\isoparser\src\main\java\com\googlecode\mp4parser\authoring\tracks\Amf0Track.java
C:\dev\mp4parser\target\checkout\isoparser\src\main\java\com\googlecode\mp4parser\authoring\tracks\AppendTrack.java
C:\dev\mp4parser\target\checkout\isoparser\src\main\java\com\googlecode\mp4parser\authoring\tracks\Avc1ToAvc3TrackImpl.java
C:\dev\mp4parser\target\checkout\isoparser\src\main\java\com\googlecode\mp4parser\authoring\tracks\CencDecryptingTrackImpl.java
C:\dev\mp4parser\target\checkout\isoparser\src\main\java\com\googlecode\mp4parser\authoring\tracks\CencEncryptedTrack.java
C:\dev\mp4parser\target\checkout\isoparser\src\main\java\com\googlecode\mp4parser\authoring\tracks\CencEncryptingTrackImpl.java
C:\dev\mp4parser\target\checkout\isoparser\src\main\java\com\googlecode\mp4parser\authoring\tracks\ChangeTimeScaleTrack.java
C:\dev\mp4parser\target\checkout\isoparser\src\main\java\com\googlecode\mp4parser\authoring\tracks\CleanInputStream.java
C:\dev\mp4parser\target\checkout\isoparser\src\main\java\com\googlecode\mp4parser\authoring\tracks\CroppedTrack.java
C:\dev\mp4parser\target\checkout\isoparser\src\main\java\com\googlecode\mp4parser\authoring\tracks\DivideTimeScaleTrack.java
C:\dev\mp4parser\target\checkout\isoparser\src\main\java\com\googlecode\mp4parser\authoring\tracks\DTSTrackImpl.java
C:\dev\mp4parser\target\checkout\isoparser\src\main\java\com\googlecode\mp4parser\authoring\tracks\EC3TrackImpl.java
C:\dev\mp4parser\target\checkout\isoparser\src\main\java\com\googlecode\mp4parser\authoring\tracks\H263TrackImpl.java
C:\dev\mp4parser\target\checkout\isoparser\src\main\java\com\googlecode\mp4parser\authoring\tracks\h264\H264NalUnitHeader.java
C:\dev\mp4parser\target\checkout\isoparser\src\main\java\com\googlecode\mp4parser\authoring\tracks\h264\H264NalUnitTypes.java
C:\dev\mp4parser\target\checkout\isoparser\src\main\java\com\googlecode\mp4parser\authoring\tracks\h264\H264TrackImpl.java
C:\dev\mp4parser\target\checkout\isoparser\src\main\java\com\googlecode\mp4parser\authoring\tracks\h264\SliceHeader.java
C:\dev\mp4parser\target\checkout\isoparser\src\main\java\com\googlecode\mp4parser\authoring\tracks\h265\H265NalUnitHeader.java
C:\dev\mp4parser\target\checkout\isoparser\src\main\java\com\googlecode\mp4parser\authoring\tracks\h265\H265NalUnitTypes.java
C:\dev\mp4parser\target\checkout\isoparser\src\main\java\com\googlecode\mp4parser\authoring\tracks\h265\H265TrackImpl.java
C:\dev\mp4parser\target\checkout\isoparser\src\main\java\com\googlecode\mp4parser\authoring\tracks\h265\H265TrackImplOld.java
C:\dev\mp4parser\target\checkout\isoparser\src\main\java\com\googlecode\mp4parser\authoring\tracks\h265\PicTiming.java
C:\dev\mp4parser\target\checkout\isoparser\src\main\java\com\googlecode\mp4parser\authoring\tracks\h265\SEIMessage.java
C:\dev\mp4parser\target\checkout\isoparser\src\main\java\com\googlecode\mp4parser\authoring\tracks\h265\SequenceParameterSetRbsp.java
C:\dev\mp4parser\target\checkout\isoparser\src\main\java\com\googlecode\mp4parser\authoring\tracks\h265\VideoParameterSet.java
C:\dev\mp4parser\target\checkout\isoparser\src\main\java\com\googlecode\mp4parser\authoring\tracks\mjpeg\OneJpegPerIframe.java
C:\dev\mp4parser\target\checkout\isoparser\src\main\java\com\googlecode\mp4parser\authoring\tracks\MP3TrackImpl.java
C:\dev\mp4parser\target\checkout\isoparser\src\main\java\com\googlecode\mp4parser\authoring\tracks\MultiplyTimeScaleTrack.java
C:\dev\mp4parser\target\checkout\isoparser\src\main\java\com\googlecode\mp4parser\authoring\tracks\ReplaceSampleTrack.java
C:\dev\mp4parser\target\checkout\isoparser\src\main\java\com\googlecode\mp4parser\authoring\tracks\SilenceTrackImpl.java
C:\dev\mp4parser\target\checkout\isoparser\src\main\java\com\googlecode\mp4parser\authoring\tracks\TextTrackImpl.java
C:\dev\mp4parser\target\checkout\isoparser\src\main\java\com\googlecode\mp4parser\authoring\tracks\ttml\TtmlHelpers.java
C:\dev\mp4parser\target\checkout\isoparser\src\main\java\com\googlecode\mp4parser\authoring\tracks\ttml\TtmlSegmenter.java
C:\dev\mp4parser\target\checkout\isoparser\src\main\java\com\googlecode\mp4parser\authoring\tracks\ttml\TtmlTrackImpl.java
C:\dev\mp4parser\target\checkout\isoparser\src\main\java\com\googlecode\mp4parser\authoring\tracks\webvtt\sampleboxes\AbstractCueBox.java
C:\dev\mp4parser\target\checkout\isoparser\src\main\java\com\googlecode\mp4parser\authoring\tracks\webvtt\sampleboxes\CueIDBox.java
C:\dev\mp4parser\target\checkout\isoparser\src\main\java\com\googlecode\mp4parser\authoring\tracks\webvtt\sampleboxes\CuePayloadBox.java
C:\dev\mp4parser\target\checkout\isoparser\src\main\java\com\googlecode\mp4parser\authoring\tracks\webvtt\sampleboxes\CueSettingsBox.java
C:\dev\mp4parser\target\checkout\isoparser\src\main\java\com\googlecode\mp4parser\authoring\tracks\webvtt\sampleboxes\CueSourceIDBox.java
C:\dev\mp4parser\target\checkout\isoparser\src\main\java\com\googlecode\mp4parser\authoring\tracks\webvtt\sampleboxes\CueTimeBox.java
C:\dev\mp4parser\target\checkout\isoparser\src\main\java\com\googlecode\mp4parser\authoring\tracks\webvtt\sampleboxes\VTTAdditionalTextBox.java
C:\dev\mp4parser\target\checkout\isoparser\src\main\java\com\googlecode\mp4parser\authoring\tracks\webvtt\sampleboxes\VTTCueBox.java
C:\dev\mp4parser\target\checkout\isoparser\src\main\java\com\googlecode\mp4parser\authoring\tracks\webvtt\sampleboxes\VTTEmptyCueBox.java
C:\dev\mp4parser\target\checkout\isoparser\src\main\java\com\googlecode\mp4parser\authoring\tracks\webvtt\WebVttTrack.java
C:\dev\mp4parser\target\checkout\isoparser\src\main\java\com\googlecode\mp4parser\authoring\WrappingTrack.java
C:\dev\mp4parser\target\checkout\isoparser\src\main\java\com\googlecode\mp4parser\BasicContainer.java
C:\dev\mp4parser\target\checkout\isoparser\src\main\java\com\googlecode\mp4parser\boxes\AbstractSampleEncryptionBox.java
C:\dev\mp4parser\target\checkout\isoparser\src\main\java\com\googlecode\mp4parser\boxes\AbstractTrackEncryptionBox.java
C:\dev\mp4parser\target\checkout\isoparser\src\main\java\com\googlecode\mp4parser\boxes\AC3SpecificBox.java
C:\dev\mp4parser\target\checkout\isoparser\src\main\java\com\googlecode\mp4parser\boxes\adobe\ActionMessageFormat0SampleEntryBox.java
C:\dev\mp4parser\target\checkout\isoparser\src\main\java\com\googlecode\mp4parser\boxes\apple\AppleAlbumBox.java
C:\dev\mp4parser\target\checkout\isoparser\src\main\java\com\googlecode\mp4parser\boxes\apple\AppleAppleIdBox.java
C:\dev\mp4parser\target\checkout\isoparser\src\main\java\com\googlecode\mp4parser\boxes\apple\AppleArtist2Box.java
C:\dev\mp4parser\target\checkout\isoparser\src\main\java\com\googlecode\mp4parser\boxes\apple\AppleArtistBox.java
C:\dev\mp4parser\target\checkout\isoparser\src\main\java\com\googlecode\mp4parser\boxes\apple\AppleCommentBox.java
C:\dev\mp4parser\target\checkout\isoparser\src\main\java\com\googlecode\mp4parser\boxes\apple\AppleCompilationBox.java
C:\dev\mp4parser\target\checkout\isoparser\src\main\java\com\googlecode\mp4parser\boxes\apple\AppleCopyrightBox.java
C:\dev\mp4parser\target\checkout\isoparser\src\main\java\com\googlecode\mp4parser\boxes\apple\AppleCountryTypeBoxBox.java
C:\dev\mp4parser\target\checkout\isoparser\src\main\java\com\googlecode\mp4parser\boxes\apple\AppleCoverBox.java
C:\dev\mp4parser\target\checkout\isoparser\src\main\java\com\googlecode\mp4parser\boxes\apple\AppleDataBox.java
C:\dev\mp4parser\target\checkout\isoparser\src\main\java\com\googlecode\mp4parser\boxes\apple\AppleDescriptionBox.java
C:\dev\mp4parser\target\checkout\isoparser\src\main\java\com\googlecode\mp4parser\boxes\apple\AppleDiskNumberBox.java
C:\dev\mp4parser\target\checkout\isoparser\src\main\java\com\googlecode\mp4parser\boxes\apple\AppleEncoderBox.java
C:\dev\mp4parser\target\checkout\isoparser\src\main\java\com\googlecode\mp4parser\boxes\apple\AppleGaplessPlaybackBox.java
C:\dev\mp4parser\target\checkout\isoparser\src\main\java\com\googlecode\mp4parser\boxes\apple\AppleGenreBox.java
C:\dev\mp4parser\target\checkout\isoparser\src\main\java\com\googlecode\mp4parser\boxes\apple\AppleGenreIDBox.java
C:\dev\mp4parser\target\checkout\isoparser\src\main\java\com\googlecode\mp4parser\boxes\apple\AppleGPSCoordinatesBox.java
C:\dev\mp4parser\target\checkout\isoparser\src\main\java\com\googlecode\mp4parser\boxes\apple\AppleGroupingBox.java
C:\dev\mp4parser\target\checkout\isoparser\src\main\java\com\googlecode\mp4parser\boxes\apple\AppleLongDescriptionBox.java
C:\dev\mp4parser\target\checkout\isoparser\src\main\java\com\googlecode\mp4parser\boxes\apple\AppleLyricsBox.java
C:\dev\mp4parser\target\checkout\isoparser\src\main\java\com\googlecode\mp4parser\boxes\apple\AppleMediaTypeBox.java
C:\dev\mp4parser\target\checkout\isoparser\src\main\java\com\googlecode\mp4parser\boxes\apple\AppleNameBox.java
C:\dev\mp4parser\target\checkout\isoparser\src\main\java\com\googlecode\mp4parser\boxes\apple\ApplePurchaseDateBox.java
C:\dev\mp4parser\target\checkout\isoparser\src\main\java\com\googlecode\mp4parser\boxes\apple\AppleRecordingYear2Box.java
C:\dev\mp4parser\target\checkout\isoparser\src\main\java\com\googlecode\mp4parser\boxes\apple\AppleRecordingYearBox.java
C:\dev\mp4parser\target\checkout\isoparser\src\main\java\com\googlecode\mp4parser\boxes\apple\AppleShortDescriptionBox.java
C:\dev\mp4parser\target\checkout\isoparser\src\main\java\com\googlecode\mp4parser\boxes\apple\AppleSortAlbumBox.java
C:\dev\mp4parser\target\checkout\isoparser\src\main\java\com\googlecode\mp4parser\boxes\apple\AppleTempoBox.java
C:\dev\mp4parser\target\checkout\isoparser\src\main\java\com\googlecode\mp4parser\boxes\apple\AppleTrackAuthorBox.java
C:\dev\mp4parser\target\checkout\isoparser\src\main\java\com\googlecode\mp4parser\boxes\apple\AppleTrackNumberBox.java
C:\dev\mp4parser\target\checkout\isoparser\src\main\java\com\googlecode\mp4parser\boxes\apple\AppleTVEpisodeBox.java
C:\dev\mp4parser\target\checkout\isoparser\src\main\java\com\googlecode\mp4parser\boxes\apple\AppleTVEpisodeNumberBox.java
C:\dev\mp4parser\target\checkout\isoparser\src\main\java\com\googlecode\mp4parser\boxes\apple\AppleTVNetworkBox.java
C:\dev\mp4parser\target\checkout\isoparser\src\main\java\com\googlecode\mp4parser\boxes\apple\AppleTVSeasonBox.java
C:\dev\mp4parser\target\checkout\isoparser\src\main\java\com\googlecode\mp4parser\boxes\apple\AppleTVShowBox.java
C:\dev\mp4parser\target\checkout\isoparser\src\main\java\com\googlecode\mp4parser\boxes\apple\AppleVariableSignedIntegerBox.java
C:\dev\mp4parser\target\checkout\isoparser\src\main\java\com\googlecode\mp4parser\boxes\apple\Apple_atIDBox.java
C:\dev\mp4parser\target\checkout\isoparser\src\main\java\com\googlecode\mp4parser\boxes\apple\Apple_flvr_Box.java
C:\dev\mp4parser\target\checkout\isoparser\src\main\java\com\googlecode\mp4parser\boxes\apple\Apple_geIDBox.java
C:\dev\mp4parser\target\checkout\isoparser\src\main\java\com\googlecode\mp4parser\boxes\apple\Apple_xid_Box.java
C:\dev\mp4parser\target\checkout\isoparser\src\main\java\com\googlecode\mp4parser\boxes\apple\BaseMediaInfoAtom.java
C:\dev\mp4parser\target\checkout\isoparser\src\main\java\com\googlecode\mp4parser\boxes\apple\CleanApertureAtom.java
C:\dev\mp4parser\target\checkout\isoparser\src\main\java\com\googlecode\mp4parser\boxes\apple\GenericMediaHeaderAtom.java
C:\dev\mp4parser\target\checkout\isoparser\src\main\java\com\googlecode\mp4parser\boxes\apple\GenericMediaHeaderTextAtom.java
C:\dev\mp4parser\target\checkout\isoparser\src\main\java\com\googlecode\mp4parser\boxes\apple\PixelAspectRationAtom.java
C:\dev\mp4parser\target\checkout\isoparser\src\main\java\com\googlecode\mp4parser\boxes\apple\QuicktimeTextSampleEntry.java
C:\dev\mp4parser\target\checkout\isoparser\src\main\java\com\googlecode\mp4parser\boxes\apple\TimeCodeBox.java
C:\dev\mp4parser\target\checkout\isoparser\src\main\java\com\googlecode\mp4parser\boxes\apple\TrackApertureModeDimensionAtom.java
C:\dev\mp4parser\target\checkout\isoparser\src\main\java\com\googlecode\mp4parser\boxes\apple\TrackEncodedPixelsDimensionsAtom.java
C:\dev\mp4parser\target\checkout\isoparser\src\main\java\com\googlecode\mp4parser\boxes\apple\TrackLoadSettingsAtom.java
C:\dev\mp4parser\target\checkout\isoparser\src\main\java\com\googlecode\mp4parser\boxes\apple\TrackProductionApertureDimensionsAtom.java
C:\dev\mp4parser\target\checkout\isoparser\src\main\java\com\googlecode\mp4parser\boxes\apple\Utf8AppleDataBox.java
C:\dev\mp4parser\target\checkout\isoparser\src\main\java\com\googlecode\mp4parser\boxes\basemediaformat\AvcNalUnitStorageBox.java
C:\dev\mp4parser\target\checkout\isoparser\src\main\java\com\googlecode\mp4parser\boxes\cenc\CencDecryptingSampleList.java
C:\dev\mp4parser\target\checkout\isoparser\src\main\java\com\googlecode\mp4parser\boxes\cenc\CencEncryptingSampleList.java
C:\dev\mp4parser\target\checkout\isoparser\src\main\java\com\googlecode\mp4parser\boxes\dece\AssetInformationBox.java
C:\dev\mp4parser\target\checkout\isoparser\src\main\java\com\googlecode\mp4parser\boxes\dece\BaseLocationBox.java
C:\dev\mp4parser\target\checkout\isoparser\src\main\java\com\googlecode\mp4parser\boxes\dece\ContentInformationBox.java
C:\dev\mp4parser\target\checkout\isoparser\src\main\java\com\googlecode\mp4parser\boxes\dece\SampleEncryptionBox.java
C:\dev\mp4parser\target\checkout\isoparser\src\main\java\com\googlecode\mp4parser\boxes\DTSSpecificBox.java
C:\dev\mp4parser\target\checkout\isoparser\src\main\java\com\googlecode\mp4parser\boxes\EC3SpecificBox.java
C:\dev\mp4parser\target\checkout\isoparser\src\main\java\com\googlecode\mp4parser\boxes\microsoft\XtraBox.java
C:\dev\mp4parser\target\checkout\isoparser\src\main\java\com\googlecode\mp4parser\boxes\MLPSpecificBox.java
C:\dev\mp4parser\target\checkout\isoparser\src\main\java\com\googlecode\mp4parser\boxes\mp4\AbstractDescriptorBox.java
C:\dev\mp4parser\target\checkout\isoparser\src\main\java\com\googlecode\mp4parser\boxes\mp4\ESDescriptorBox.java
C:\dev\mp4parser\target\checkout\isoparser\src\main\java\com\googlecode\mp4parser\boxes\mp4\ObjectDescriptorBox.java
C:\dev\mp4parser\target\checkout\isoparser\src\main\java\com\googlecode\mp4parser\boxes\mp4\objectdescriptors\AudioSpecificConfig.java
C:\dev\mp4parser\target\checkout\isoparser\src\main\java\com\googlecode\mp4parser\boxes\mp4\objectdescriptors\BaseDescriptor.java
C:\dev\mp4parser\target\checkout\isoparser\src\main\java\com\googlecode\mp4parser\boxes\mp4\objectdescriptors\BitReaderBuffer.java
C:\dev\mp4parser\target\checkout\isoparser\src\main\java\com\googlecode\mp4parser\boxes\mp4\objectdescriptors\BitWriterBuffer.java
C:\dev\mp4parser\target\checkout\isoparser\src\main\java\com\googlecode\mp4parser\boxes\mp4\objectdescriptors\DecoderConfigDescriptor.java
C:\dev\mp4parser\target\checkout\isoparser\src\main\java\com\googlecode\mp4parser\boxes\mp4\objectdescriptors\DecoderSpecificInfo.java
C:\dev\mp4parser\target\checkout\isoparser\src\main\java\com\googlecode\mp4parser\boxes\mp4\objectdescriptors\Descriptor.java
C:\dev\mp4parser\target\checkout\isoparser\src\main\java\com\googlecode\mp4parser\boxes\mp4\objectdescriptors\ESDescriptor.java
C:\dev\mp4parser\target\checkout\isoparser\src\main\java\com\googlecode\mp4parser\boxes\mp4\objectdescriptors\ExtensionDescriptor.java
C:\dev\mp4parser\target\checkout\isoparser\src\main\java\com\googlecode\mp4parser\boxes\mp4\objectdescriptors\ExtensionProfileLevelDescriptor.java
C:\dev\mp4parser\target\checkout\isoparser\src\main\java\com\googlecode\mp4parser\boxes\mp4\objectdescriptors\InitialObjectDescriptor.java
C:\dev\mp4parser\target\checkout\isoparser\src\main\java\com\googlecode\mp4parser\boxes\mp4\objectdescriptors\ObjectDescriptorBase.java
C:\dev\mp4parser\target\checkout\isoparser\src\main\java\com\googlecode\mp4parser\boxes\mp4\objectdescriptors\ObjectDescriptorFactory.java
C:\dev\mp4parser\target\checkout\isoparser\src\main\java\com\googlecode\mp4parser\boxes\mp4\objectdescriptors\ProfileLevelIndicationDescriptor.java
C:\dev\mp4parser\target\checkout\isoparser\src\main\java\com\googlecode\mp4parser\boxes\mp4\objectdescriptors\SLConfigDescriptor.java
C:\dev\mp4parser\target\checkout\isoparser\src\main\java\com\googlecode\mp4parser\boxes\mp4\objectdescriptors\UnknownDescriptor.java
C:\dev\mp4parser\target\checkout\isoparser\src\main\java\com\googlecode\mp4parser\boxes\mp4\samplegrouping\CencSampleEncryptionInformationGroupEntry.java
C:\dev\mp4parser\target\checkout\isoparser\src\main\java\com\googlecode\mp4parser\boxes\mp4\samplegrouping\GroupEntry.java
C:\dev\mp4parser\target\checkout\isoparser\src\main\java\com\googlecode\mp4parser\boxes\mp4\samplegrouping\RateShareEntry.java
C:\dev\mp4parser\target\checkout\isoparser\src\main\java\com\googlecode\mp4parser\boxes\mp4\samplegrouping\RollRecoveryEntry.java
C:\dev\mp4parser\target\checkout\isoparser\src\main\java\com\googlecode\mp4parser\boxes\mp4\samplegrouping\SampleGroupDescriptionBox.java
C:\dev\mp4parser\target\checkout\isoparser\src\main\java\com\googlecode\mp4parser\boxes\mp4\samplegrouping\SampleToGroupBox.java
C:\dev\mp4parser\target\checkout\isoparser\src\main\java\com\googlecode\mp4parser\boxes\mp4\samplegrouping\TemporalLevelEntry.java
C:\dev\mp4parser\target\checkout\isoparser\src\main\java\com\googlecode\mp4parser\boxes\mp4\samplegrouping\UnknownEntry.java
C:\dev\mp4parser\target\checkout\isoparser\src\main\java\com\googlecode\mp4parser\boxes\mp4\samplegrouping\VisualRandomAccessEntry.java
C:\dev\mp4parser\target\checkout\isoparser\src\main\java\com\googlecode\mp4parser\boxes\piff\PiffSampleEncryptionBox.java
C:\dev\mp4parser\target\checkout\isoparser\src\main\java\com\googlecode\mp4parser\boxes\piff\PiffTrackEncryptionBox.java
C:\dev\mp4parser\target\checkout\isoparser\src\main\java\com\googlecode\mp4parser\boxes\piff\ProtectionSpecificHeader.java
C:\dev\mp4parser\target\checkout\isoparser\src\main\java\com\googlecode\mp4parser\boxes\piff\TfrfBox.java
C:\dev\mp4parser\target\checkout\isoparser\src\main\java\com\googlecode\mp4parser\boxes\piff\TfxdBox.java
C:\dev\mp4parser\target\checkout\isoparser\src\main\java\com\googlecode\mp4parser\boxes\piff\UuidBasedProtectionSystemSpecificHeaderBox.java
C:\dev\mp4parser\target\checkout\isoparser\src\main\java\com\googlecode\mp4parser\boxes\threegpp26244\SegmentIndexBox.java
C:\dev\mp4parser\target\checkout\isoparser\src\main\java\com\googlecode\mp4parser\boxes\threegpp26245\FontTableBox.java
C:\dev\mp4parser\target\checkout\isoparser\src\main\java\com\googlecode\mp4parser\contentprotection\GenericHeader.java
C:\dev\mp4parser\target\checkout\isoparser\src\main\java\com\googlecode\mp4parser\contentprotection\PlayReadyHeader.java
C:\dev\mp4parser\target\checkout\isoparser\src\main\java\com\googlecode\mp4parser\DataSource.java
C:\dev\mp4parser\target\checkout\isoparser\src\main\java\com\googlecode\mp4parser\DirectFileReadDataSource.java
C:\dev\mp4parser\target\checkout\isoparser\src\main\java\com\googlecode\mp4parser\FileDataSourceImpl.java
C:\dev\mp4parser\target\checkout\isoparser\src\main\java\com\googlecode\mp4parser\FileDataSourceViaHeapImpl.java
C:\dev\mp4parser\target\checkout\isoparser\src\main\java\com\googlecode\mp4parser\FullContainerBox.java
C:\dev\mp4parser\target\checkout\isoparser\src\main\java\com\googlecode\mp4parser\h264\BTree.java
C:\dev\mp4parser\target\checkout\isoparser\src\main\java\com\googlecode\mp4parser\h264\CharCache.java
C:\dev\mp4parser\target\checkout\isoparser\src\main\java\com\googlecode\mp4parser\h264\Debug.java
C:\dev\mp4parser\target\checkout\isoparser\src\main\java\com\googlecode\mp4parser\h264\model\AspectRatio.java
C:\dev\mp4parser\target\checkout\isoparser\src\main\java\com\googlecode\mp4parser\h264\model\BitstreamElement.java
C:\dev\mp4parser\target\checkout\isoparser\src\main\java\com\googlecode\mp4parser\h264\model\ChromaFormat.java
C:\dev\mp4parser\target\checkout\isoparser\src\main\java\com\googlecode\mp4parser\h264\model\HRDParameters.java
C:\dev\mp4parser\target\checkout\isoparser\src\main\java\com\googlecode\mp4parser\h264\model\PictureParameterSet.java
C:\dev\mp4parser\target\checkout\isoparser\src\main\java\com\googlecode\mp4parser\h264\model\ScalingList.java
C:\dev\mp4parser\target\checkout\isoparser\src\main\java\com\googlecode\mp4parser\h264\model\ScalingMatrix.java
C:\dev\mp4parser\target\checkout\isoparser\src\main\java\com\googlecode\mp4parser\h264\model\SeqParameterSet.java
C:\dev\mp4parser\target\checkout\isoparser\src\main\java\com\googlecode\mp4parser\h264\model\VUIParameters.java
C:\dev\mp4parser\target\checkout\isoparser\src\main\java\com\googlecode\mp4parser\h264\read\BitstreamReader.java
C:\dev\mp4parser\target\checkout\isoparser\src\main\java\com\googlecode\mp4parser\h264\read\CAVLCReader.java
C:\dev\mp4parser\target\checkout\isoparser\src\main\java\com\googlecode\mp4parser\h264\write\BitstreamWriter.java
C:\dev\mp4parser\target\checkout\isoparser\src\main\java\com\googlecode\mp4parser\h264\write\CAVLCWriter.java
C:\dev\mp4parser\target\checkout\isoparser\src\main\java\com\googlecode\mp4parser\MemoryDataSourceImpl.java
C:\dev\mp4parser\target\checkout\isoparser\src\main\java\com\googlecode\mp4parser\MultiFileDataSourceImpl.java
C:\dev\mp4parser\target\checkout\isoparser\src\main\java\com\googlecode\mp4parser\RequiresParseDetailAspect.java
C:\dev\mp4parser\target\checkout\isoparser\src\main\java\com\googlecode\mp4parser\srt\SrtParser.java
C:\dev\mp4parser\target\checkout\isoparser\src\main\java\com\googlecode\mp4parser\util\AndroidLogger.java
C:\dev\mp4parser\target\checkout\isoparser\src\main\java\com\googlecode\mp4parser\util\ByteBufferByteChannel.java
C:\dev\mp4parser\target\checkout\isoparser\src\main\java\com\googlecode\mp4parser\util\CastUtils.java
C:\dev\mp4parser\target\checkout\isoparser\src\main\java\com\googlecode\mp4parser\util\ChannelHelper.java
C:\dev\mp4parser\target\checkout\isoparser\src\main\java\com\googlecode\mp4parser\util\DateHelper.java
C:\dev\mp4parser\target\checkout\isoparser\src\main\java\com\googlecode\mp4parser\util\IntHashMap.java
C:\dev\mp4parser\target\checkout\isoparser\src\main\java\com\googlecode\mp4parser\util\JuliLogger.java
C:\dev\mp4parser\target\checkout\isoparser\src\main\java\com\googlecode\mp4parser\util\LazyList.java
C:\dev\mp4parser\target\checkout\isoparser\src\main\java\com\googlecode\mp4parser\util\Logger.java
C:\dev\mp4parser\target\checkout\isoparser\src\main\java\com\googlecode\mp4parser\util\Math.java
C:\dev\mp4parser\target\checkout\isoparser\src\main\java\com\googlecode\mp4parser\util\Matrix.java
C:\dev\mp4parser\target\checkout\isoparser\src\main\java\com\googlecode\mp4parser\util\Mp4Arrays.java
C:\dev\mp4parser\target\checkout\isoparser\src\main\java\com\googlecode\mp4parser\util\Path.java
C:\dev\mp4parser\target\checkout\isoparser\src\main\java\com\googlecode\mp4parser\util\RangeStartMap.java
C:\dev\mp4parser\target\checkout\isoparser\src\main\java\com\googlecode\mp4parser\util\UUIDConverter.java
C:\dev\mp4parser\target\checkout\isoparser\src\main\java\com\googlecode\mp4parser\Version.java
C:\dev\mp4parser\target\checkout\isoparser\src\main\java\com\mp4parser\iso14496\part12\BitRateBox.java
C:\dev\mp4parser\target\checkout\isoparser\src\main\java\com\mp4parser\iso14496\part12\HintSampleEntry.java
C:\dev\mp4parser\target\checkout\isoparser\src\main\java\com\mp4parser\iso14496\part12\SampleAuxiliaryInformationOffsetsBox.java
C:\dev\mp4parser\target\checkout\isoparser\src\main\java\com\mp4parser\iso14496\part12\SampleAuxiliaryInformationSizesBox.java
C:\dev\mp4parser\target\checkout\isoparser\src\main\java\com\mp4parser\iso14496\part12\TrackReferenceTypeBox.java
C:\dev\mp4parser\target\checkout\isoparser\src\main\java\com\mp4parser\iso14496\part15\AvcConfigurationBox.java
C:\dev\mp4parser\target\checkout\isoparser\src\main\java\com\mp4parser\iso14496\part15\AvcDecoderConfigurationRecord.java
C:\dev\mp4parser\target\checkout\isoparser\src\main\java\com\mp4parser\iso14496\part15\HevcConfigurationBox.java
C:\dev\mp4parser\target\checkout\isoparser\src\main\java\com\mp4parser\iso14496\part15\HevcDecoderConfigurationRecord.java
C:\dev\mp4parser\target\checkout\isoparser\src\main\java\com\mp4parser\iso14496\part15\PriotityRangeBox.java
C:\dev\mp4parser\target\checkout\isoparser\src\main\java\com\mp4parser\iso14496\part15\StepwiseTemporalLayerEntry.java
C:\dev\mp4parser\target\checkout\isoparser\src\main\java\com\mp4parser\iso14496\part15\SyncSampleEntry.java
C:\dev\mp4parser\target\checkout\isoparser\src\main\java\com\mp4parser\iso14496\part15\TemporalLayerSampleGroup.java
C:\dev\mp4parser\target\checkout\isoparser\src\main\java\com\mp4parser\iso14496\part15\TemporalSubLayerSampleGroup.java
C:\dev\mp4parser\target\checkout\isoparser\src\main\java\com\mp4parser\iso14496\part15\TierBitRateBox.java
C:\dev\mp4parser\target\checkout\isoparser\src\main\java\com\mp4parser\iso14496\part15\TierInfoBox.java
C:\dev\mp4parser\target\checkout\isoparser\src\main\java\com\mp4parser\iso14496\part30\WebVTTConfigurationBox.java
C:\dev\mp4parser\target\checkout\isoparser\src\main\java\com\mp4parser\iso14496\part30\WebVTTSampleEntry.java
C:\dev\mp4parser\target\checkout\isoparser\src\main\java\com\mp4parser\iso14496\part30\WebVTTSourceLabelBox.java
C:\dev\mp4parser\target\checkout\isoparser\src\main\java\com\mp4parser\iso14496\part30\XMLSubtitleSampleEntry.java
C:\dev\mp4parser\target\checkout\isoparser\src\main\java\com\mp4parser\iso23001\part7\CencSampleAuxiliaryDataFormat.java
C:\dev\mp4parser\target\checkout\isoparser\src\main\java\com\mp4parser\iso23001\part7\ProtectionSystemSpecificHeaderBox.java
C:\dev\mp4parser\target\checkout\isoparser\src\main\java\com\mp4parser\iso23001\part7\TrackEncryptionBox.java
C:\dev\mp4parser\target\checkout\isoparser\src\main\java\com\mp4parser\iso23009\part1\EventMessageBox.java
C:\dev\mp4parser\target\checkout\isoparser\src\main\java\com\mp4parser\streaming\AbstractStreamingTrack.java
C:\dev\mp4parser\target\checkout\isoparser\src\main\java\com\mp4parser\streaming\extensions\CencEncryptTrackExtension.java
C:\dev\mp4parser\target\checkout\isoparser\src\main\java\com\mp4parser\streaming\extensions\CompositionTimeSampleExtension.java
C:\dev\mp4parser\target\checkout\isoparser\src\main\java\com\mp4parser\streaming\extensions\CompositionTimeTrackExtension.java
C:\dev\mp4parser\target\checkout\isoparser\src\main\java\com\mp4parser\streaming\extensions\NameTrackExtension.java
C:\dev\mp4parser\target\checkout\isoparser\src\main\java\com\mp4parser\streaming\extensions\SampleFlagsSampleExtension.java
C:\dev\mp4parser\target\checkout\isoparser\src\main\java\com\mp4parser\streaming\extensions\SampleFlagsTrackExtension.java
C:\dev\mp4parser\target\checkout\isoparser\src\main\java\com\mp4parser\streaming\extensions\SyncSampleExtension.java
C:\dev\mp4parser\target\checkout\isoparser\src\main\java\com\mp4parser\streaming\extensions\TrackIdTrackExtension.java
C:\dev\mp4parser\target\checkout\isoparser\src\main\java\com\mp4parser\streaming\MultiTrackFragmentedMp4Writer.java
C:\dev\mp4parser\target\checkout\isoparser\src\main\java\com\mp4parser\streaming\rawformats\H264TrackAdapter.java
C:\dev\mp4parser\target\checkout\isoparser\src\main\java\com\mp4parser\streaming\SampleExtension.java
C:\dev\mp4parser\target\checkout\isoparser\src\main\java\com\mp4parser\streaming\SingleTrackFragmentedMp4Writer.java
C:\dev\mp4parser\target\checkout\isoparser\src\main\java\com\mp4parser\streaming\StreamingMp4Writer.java
C:\dev\mp4parser\target\checkout\isoparser\src\main\java\com\mp4parser\streaming\StreamingSample.java
C:\dev\mp4parser\target\checkout\isoparser\src\main\java\com\mp4parser\streaming\StreamingSampleHelper.java
C:\dev\mp4parser\target\checkout\isoparser\src\main\java\com\mp4parser\streaming\StreamingTrack.java
C:\dev\mp4parser\target\checkout\isoparser\src\main\java\com\mp4parser\streaming\TrackExtension.java
C:\dev\mp4parser\target\checkout\isoparser\src\main\java\com\mp4parser\streaming\WriteOnlyBox.java
